Server CENTOS 7
Zimbra : zcs-8.6.0

Install Server Centos 7 (Basic Server)
HOSTNAME :
[root@kumpulbareng ~]# hostnamectl 
   Static hostname: kumpulbareng.id
         Icon name: computer-server
           Chassis: server
        Machine ID: a45a1e06d60a4ba4ac678e52d7010142
           Boot ID: df3ccfb72e2d4195abf8cfb47e2ff7ea
  Operating System: CentOS Linux 7 (Core)
       CPE OS Name: cpe:/o:centos:centos:7
            Kernel: Linux 3.10.0-514.el7.x86_64
      Architecture: x86-64

CHANGE HOSTNAME
[root@kumpulbareng ~]# hostnamectl set-hostname HOSTNAMEBARU

TAMBAH IP di HOSTS 
# nano /etc/hosts
IPSERVER mail.kumpulbareng.id mail

DISABLE SELinux
# sudo vim /etc/sysconfig/selinux
# SELINUX=disabled

STOP Firewall
# systemctl disable firewalld
# systemctl stop firewalld


STOP PROSES (kalo ada)
# systemctl stop httpd
# systemctl disable httpd
# systemctl stop mysqld
# systemctl disable mysqld
# systemctl stop postfix
# systemctl disable postfix
# systemctl stop sendmail
# systemctl disable sendmail

Sebelum Install Zimbra, Update dulu
# yum update

Install depedensi yg dibutuhkan
# yum install wget unzip nptl nmap-ncat sudo-1.8.6p7-13 libidn-1.28-3 gmp-6.0.0-11 libaio-0.3.109-12 gmp-6.0.0-11 libaio-0.3.109-12 libstdc++-4.8.3-9 unzip-6.0-13 perl-core perl-5.16.3 sysstat sqlite

Download Zimbra (Mendingan download dulu, nanti Rsync)
# sudo wget https://files.zimbra.com/downloads/8.6.0_GA/zcs-8.6.0_GA_1153.RHEL7_64.20141215151110.tgz

Ekstrak, setelah itu masuk ke folder dan Install
./install.sh

Sampai disini, Install dulu aja semua dan input domain
domain harus sudah mengarah ke IP Server, karena kalo tidak nanti error..

Main menu

   1) Common Configuration:                                                  
   2) zimbra-ldap:                             Enabled                       
   3) zimbra-logger:                           Enabled                       
   4) zimbra-mta:                              Enabled                       
   5) zimbra-dnscache:                         Enabled                       
   6) zimbra-snmp:                             Enabled                       
   7) zimbra-store:                            Enabled                       
        +Create Admin User:                    yes                           
        +Admin user to create:                 admin@mail.forumanak.id       
******* +Admin Password                        UNSET                         
        +Anti-virus quarantine user:           virus-quarantine.9hy_cpw8ci@mail.forumanak.id


Setting Password Admin terlebih dahulu, 
*** CONFIGURATION COMPLETE - press 'a' to apply
Select from menu, or press 'a' to apply config (? - help) 

Setelah itu tekan a dan tunggu proses selesai.
sampai sini ZIMBRA Selesai diinstall.

AGAR Bisa diakses ke https://kumpulbareng.id maka Harus Aktifkan Apache2 (httpd)
dan Allow Http/https di Firewalld

# systemctl start httpd
# systemctl status httpd
● httpd.service - The Apache HTTP Server
   Loaded: loaded (/usr/lib/systemd/system/httpd.service; disabled; vendor preset: disabled)
   Active: active (running) since Fri 2017-03-17 05:01:16 EDT; 27s ago
     Docs: man:httpd(8)
           man:apachectl(8)
 Main PID: 24351 (httpd)
   Status: "Total requests: 0; Current requests/sec: 0; Current traffic:   0 B/sec"
   CGroup: /system.slice/httpd.service
           ├─24351 /usr/sbin/httpd -DFOREGROUND
           ├─24352 /usr/sbin/httpd -DFOREGROUND
           ├─24353 /usr/sbin/httpd -DFOREGROUND
           ├─24354 /usr/sbin/httpd -DFOREGROUND
           ├─24355 /usr/sbin/httpd -DFOREGROUND
           └─24356 /usr/sbin/httpd -DFOREGROUND

Mar 17 05:01:16 kumpulbareng.id systemd[1]: Starting The Apache HTTP Server...
Mar 17 05:01:16 kumpulbareng.id systemd[1]: Started The Apache HTTP Server.

# firewall-cmd --permanent --zone=public --add-service=http 
# firewall-cmd --permanent --zone=public --add-service=https
# firewall-cmd --reload
# systemctl restart httpd

BUKA PORT Yang dibutuhkan (SMTP,POP3 dsb)
# firewall-cmd --zone=public --add-port=7071/tcp --permanent
# firewall-cmd --zone=public --add-port=587/tcp --permanent
# firewall-cmd --zone=public --add-port=25/tcp --permanent
# firewall-cmd --zone=public --add-port=110/tcp --permanent
# firewall-cmd --zone=public --add-port=995/tcp --permanent
# firewall-cmd --zone=public --add-port=143/tcp --permanent
# firewall-cmd --zone=public --add-port=993/tcp --permanent
# firewall-cmd --zone=public --add-port=2087/tcp --permanent
# firewall-cmd --reload

ENABLE/RESTART CROND
[root@mail ~]# systemctl enable crond
[root@mail ~]# systemctl restart crond

UNCOMMENT menjadi	
[root@mail ~]# vim /etc/rsyslog.conf
$modload imupd
$UDPServerRun514

UPDATE rsyslog
/opt/zimbra/libexec/zmsyslogsetup

Login ke USER ZIMBRA
su – zimbra
zmupdateauthkeys

RESTART ZIMBRA
zmcontrol restart
zmcontrol status

Server Zimbra sudah bisa diakses
CLIENT EMAIL : https://IP SERVER
ADMIN EMIAL : https://IPSERVER:7071
